Traceback (most recent call last):
  File "/home/cdillon/transfer/home/cdillon/books/ai-agents-in-action/test_fix.py", line 5, in <module>
    from daily_briefing_abt import DailyBriefingAgent
  File "/home/cdillon/transfer/home/cdillon/books/ai-agents-in-action/daily_briefing_abt.py", line 10, in <module>
    import py_trees
ModuleNotFoundError: No module named 'py_trees'
❌ Error: No module named 'py_trees'
